Fetching trader info...
Trader data: {
  "oid": "68fa691070ad5a1d3907fcd7",
  "activation": 1764324000,
  "expiry": 1764496800,
  "character": "宸存礇路鍩郝锋彁灏?,
  "node": "姘存槦涓户绔?,
  "arrivals": false,
  "manifest": null
}
Result:

    馃挵濂稿晢馃挵       
==================
宸存礇路鍩郝锋彁灏?棰勮鍒拌揪:

鍒拌揪鍦?姘存槦涓户绔?
Fri, Nov 28, 2025 6:00 PM

==================
